[i] admin pgm using SDR parm overrides from node.ionconfig.
wmKey:           0
wmSize:          5000000
wmAddress:       0
sdrName:        ''
sdrWmSize:       0
configFlags:     1
heapWords:       5000000
heapKey:         -1
logSize:         0
logKey:          -1
pathName:       '/tmp'
Stopping ionadmin.
Stopping ionsecadmin.
Stopping ionadmin.
Stopping ltpadmin.
Stopping ipnadmin.
Stopping bpadmin.
eeefNOTE: udplso now gets transmission data rate from the contact plan.  txbps is still accepted on the command line, for backward compatibility, but it is ignored.
gggshgeeefgggshg